<h1 id="a-markdown-post">A Markdown Post</h1>
<p>With some &quot;amazing&quot;, <em>riveting</em>, <strong>coooonnnntent</strong>.</p>
