<p><a href="https://github.com/metalsmith/layouts">@metalsmith/layouts</a>
<a href="https://github.com/metalsmith/in-place">@metalsmith/in-place</a>
<a href="https://github.com/metalsmith/collections"></a>
<a href="https://github.com/metalsmith/markdown" title="with title">markdown</a></p>
